e:\github_mycode\learngames\arplanewars\build-win32\airplanewars-windows.dir\debug\vc143.pdb
e:\github_mycode\learngames\arplanewars\build-win32\airplanewars-windows.dir\debug\sceneend.obj
e:\github_mycode\learngames\arplanewars\build-win32\airplanewars-windows.dir\debug\scenestart.obj
e:\github_mycode\learngames\arplanewars\build-win32\airplanewars-windows.dir\debug\scenemain.obj
e:\github_mycode\learngames\arplanewars\build-win32\airplanewars-windows.dir\debug\game.obj
e:\github_mycode\learngames\arplanewars\build-win32\airplanewars-windows.dir\debug\scene.obj
e:\github_mycode\learngames\arplanewars\build-win32\airplanewars-windows.dir\debug\main.obj
e:\github_mycode\learngames\arplanewars\build-win32\cmakefiles\generate.stamp
e:\github_mycode\learngames\arplanewars\airplanewars-windows.exe
e:\github_mycode\learngames\arplanewars\airplanewars-windows.pdb
e:\github_mycode\learngames\arplanewars\build-win32\airplanewars-windows.dir\debug\airplanewars-windows.ilk
e:\github_mycode\learngames\arplanewars\build-win32\airplanewars-windows.dir\debug\airplane.e297d818.tlog\cl.command.1.tlog
e:\github_mycode\learngames\arplanewars\build-win32\airplanewars-windows.dir\debug\airplane.e297d818.tlog\cl.items.tlog
e:\github_mycode\learngames\arplanewars\build-win32\airplanewars-windows.dir\debug\airplane.e297d818.tlog\cl.read.1.tlog
e:\github_mycode\learngames\arplanewars\build-win32\airplanewars-windows.dir\debug\airplane.e297d818.tlog\cl.write.1.tlog
e:\github_mycode\learngames\arplanewars\build-win32\airplanewars-windows.dir\debug\airplane.e297d818.tlog\custombuild.command.1.tlog
e:\github_mycode\learngames\arplanewars\build-win32\airplanewars-windows.dir\debug\airplane.e297d818.tlog\custombuild.read.1.tlog
e:\github_mycode\learngames\arplanewars\build-win32\airplanewars-windows.dir\debug\airplane.e297d818.tlog\custombuild.write.1.tlog
e:\github_mycode\learngames\arplanewars\build-win32\airplanewars-windows.dir\debug\airplane.e297d818.tlog\link.command.1.tlog
e:\github_mycode\learngames\arplanewars\build-win32\airplanewars-windows.dir\debug\airplane.e297d818.tlog\link.read.1.tlog
e:\github_mycode\learngames\arplanewars\build-win32\airplanewars-windows.dir\debug\airplane.e297d818.tlog\link.secondary.1.tlog
e:\github_mycode\learngames\arplanewars\build-win32\airplanewars-windows.dir\debug\airplane.e297d818.tlog\link.write.1.tlog
